   1               		.file	"xmega_hal.c"
   2               	__SP_H__ = 0x3e
   3               	__SP_L__ = 0x3d
   4               	__SREG__ = 0x3f
   5               	__RAMPZ__ = 0x3b
   6               	__CCP__ = 0x34
   7               	__tmp_reg__ = 0
   8               	__zero_reg__ = 1
   9               		.text
  10               	.Ltext0:
  11               		.cfi_sections	.debug_frame
  12               	.global	platform_init
  14               	platform_init:
  15               	.LFB11:
  16               		.file 1 ".././hal/xmega/xmega_hal.c"
   1:.././hal/xmega/xmega_hal.c **** /*
   2:.././hal/xmega/xmega_hal.c ****     This file is part of the ChipWhisperer Example Targets
   3:.././hal/xmega/xmega_hal.c ****     Copyright (C) 2012-2015 NewAE Technology Inc.
   4:.././hal/xmega/xmega_hal.c **** 
   5:.././hal/xmega/xmega_hal.c ****     This program is free software: you can redistribute it and/or modify
   6:.././hal/xmega/xmega_hal.c ****     it under the terms of the GNU General Public License as published by
   7:.././hal/xmega/xmega_hal.c ****     the Free Software Foundation, either version 3 of the License, or
   8:.././hal/xmega/xmega_hal.c ****     (at your option) any later version.
   9:.././hal/xmega/xmega_hal.c **** 
  10:.././hal/xmega/xmega_hal.c ****     This program is distributed in the hope that it will be useful,
  11:.././hal/xmega/xmega_hal.c ****     but WITHOUT ANY WARRANTY; without even the implied warranty of
  12:.././hal/xmega/xmega_hal.c ****     MERCHANTABILITY or FITNESS FOR A PARTICULAR PURPOSE.  See the
  13:.././hal/xmega/xmega_hal.c ****     GNU General Public License for more details.
  14:.././hal/xmega/xmega_hal.c **** 
  15:.././hal/xmega/xmega_hal.c ****     You should have received a copy of the GNU General Public License
  16:.././hal/xmega/xmega_hal.c ****     along with this program.  If not, see <http://www.gnu.org/licenses/>.
  17:.././hal/xmega/xmega_hal.c **** */
  18:.././hal/xmega/xmega_hal.c **** #include "hal.h"
  19:.././hal/xmega/xmega_hal.c **** #include "xmega_hal.h"
  20:.././hal/xmega/xmega_hal.c **** 
  21:.././hal/xmega/xmega_hal.c **** void platform_init(void)
  22:.././hal/xmega/xmega_hal.c **** {  
  17               		.loc 1 22 0
  18               		.cfi_startproc
  19               	/* prologue: function */
  20               	/* frame size = 0 */
  21               	/* stack size = 0 */
  22               	.L__stack_usage = 0
  23:.././hal/xmega/xmega_hal.c ****     OSC.XOSCCTRL = 0x00;
  23               		.loc 1 23 0
  24 0000 1092 5200 		sts 82,__zero_reg__
  24:.././hal/xmega/xmega_hal.c ****     OSC.PLLCTRL = 0x00;
  25               		.loc 1 24 0
  26 0004 1092 5500 		sts 85,__zero_reg__
  25:.././hal/xmega/xmega_hal.c ****     OSC.CTRL |= OSC_XOSCEN_bm;
  27               		.loc 1 25 0
  28 0008 8091 5000 		lds r24,80
  29 000c 8860      		ori r24,lo8(8)
  30 000e 8093 5000 		sts 80,r24
  31               	.L2:
  26:.././hal/xmega/xmega_hal.c ****     
  27:.././hal/xmega/xmega_hal.c ****     //wait for clock
  28:.././hal/xmega/xmega_hal.c ****     while((OSC.STATUS & OSC_XOSCRDY_bm) == 0);
  32               		.loc 1 28 0 discriminator 1
  33 0012 8091 5100 		lds r24,81
  34 0016 83FF      		sbrs r24,3
  35 0018 00C0      		rjmp .L2
  29:.././hal/xmega/xmega_hal.c ****     
  30:.././hal/xmega/xmega_hal.c ****     //Switch clock source
  31:.././hal/xmega/xmega_hal.c ****     CCP = CCP_IOREG_gc;
  36               		.loc 1 31 0
  37 001a 88ED      		ldi r24,lo8(-40)
  38 001c 84BF      		out __CCP__,r24
  32:.././hal/xmega/xmega_hal.c ****     CLK.CTRL = CLK_SCLKSEL_XOSC_gc;    
  39               		.loc 1 32 0
  40 001e 83E0      		ldi r24,lo8(3)
  41 0020 8093 4000 		sts 64,r24
  33:.././hal/xmega/xmega_hal.c ****     
  34:.././hal/xmega/xmega_hal.c ****     //Turn off other sources besides external    
  35:.././hal/xmega/xmega_hal.c ****     OSC.CTRL = OSC_XOSCEN_bm;
  42               		.loc 1 35 0
  43 0024 88E0      		ldi r24,lo8(8)
  44 0026 8093 5000 		sts 80,r24
  45 002a 0895      		ret
  46               		.cfi_endproc
  47               	.LFE11:
  49               	.Letext0:
  50               		.file 2 "/usr/lib/avr/include/stdint.h"
  51               		.file 3 "/usr/lib/avr/include/avr/iox128d3.h"
DEFINED SYMBOLS
                            *ABS*:0000000000000000 xmega_hal.c
     /tmp/ccev0V9X.s:2      *ABS*:000000000000003e __SP_H__
     /tmp/ccev0V9X.s:3      *ABS*:000000000000003d __SP_L__
     /tmp/ccev0V9X.s:4      *ABS*:000000000000003f __SREG__
     /tmp/ccev0V9X.s:5      *ABS*:000000000000003b __RAMPZ__
     /tmp/ccev0V9X.s:6      *ABS*:0000000000000034 __CCP__
     /tmp/ccev0V9X.s:7      *ABS*:0000000000000000 __tmp_reg__
     /tmp/ccev0V9X.s:8      *ABS*:0000000000000001 __zero_reg__
     /tmp/ccev0V9X.s:14     .text:0000000000000000 platform_init

NO UNDEFINED SYMBOLS
